// Jest Snapshot v1, https://goo.gl/fbAQLP

exports[`LeaderboardEntry should properly render the leaderboard card for user "mtsamis" 1`] = `
Object {
  "asFragment": [Function],
  "baseElement": <body>
    <div>
      <div
        class="leaderboard-entry card"
      >
        <div
          class="card-body"
        >
          <img
            class="img-thumbnail"
            src="https://www.bungie.net/common/destiny2_content/icons/23e3d07bead2936a80612419f3ee9f94.jpg"
          />
          <div
            class="card-title h5"
          >
            Mike Tsamis
          </div>
          <div
            class="card-subtitle h6"
          >
            @
            mtsamis
          </div>
          <hr />
          <p
            class="card-text"
          >
            # of Questions Asked: 
            2
          </p>
          <p
            class="card-text"
          >
            # of Questions Answered: 
            3
          </p>
          <hr />
          <p
            class="card-text"
          >
            Total Votes Cast:
             
            5
          </p>
        </div>
      </div>
    </div>
  </body>,
  "container": <div>
    <div
      class="leaderboard-entry card"
    >
      <div
        class="card-body"
      >
        <img
          class="img-thumbnail"
          src="https://www.bungie.net/common/destiny2_content/icons/23e3d07bead2936a80612419f3ee9f94.jpg"
        />
        <div
          class="card-title h5"
        >
          Mike Tsamis
        </div>
        <div
          class="card-subtitle h6"
        >
          @
          mtsamis
        </div>
        <hr />
        <p
          class="card-text"
        >
          # of Questions Asked: 
          2
        </p>
        <p
          class="card-text"
        >
          # of Questions Answered: 
          3
        </p>
        <hr />
        <p
          class="card-text"
        >
          Total Votes Cast:
           
          5
        </p>
      </div>
    </div>
  </div>,
  "debug": [Function],
  "findAllByAltText": [Function],
  "findAllByDisplayValue": [Function],
  "findAllByLabelText": [Function],
  "findAllByPlaceholderText": [Function],
  "findAllByRole": [Function],
  "findAllByTestId": [Function],
  "findAllByText": [Function],
  "findAllByTitle": [Function],
  "findByAltText": [Function],
  "findByDisplayValue": [Function],
  "findByLabelText": [Function],
  "findByPlaceholderText": [Function],
  "findByRole": [Function],
  "findByTestId": [Function],
  "findByText": [Function],
  "findByTitle": [Function],
  "getAllByAltText": [Function],
  "getAllByDisplayValue": [Function],
  "getAllByLabelText": [Function],
  "getAllByPlaceholderText": [Function],
  "getAllByRole": [Function],
  "getAllByTestId": [Function],
  "getAllByText": [Function],
  "getAllByTitle": [Function],
  "getByAltText": [Function],
  "getByDisplayValue": [Function],
  "getByLabelText": [Function],
  "getByPlaceholderText": [Function],
  "getByRole": [Function],
  "getByTestId": [Function],
  "getByText": [Function],
  "getByTitle": [Function],
  "queryAllByAltText": [Function],
  "queryAllByDisplayValue": [Function],
  "queryAllByLabelText": [Function],
  "queryAllByPlaceholderText": [Function],
  "queryAllByRole": [Function],
  "queryAllByTestId": [Function],
  "queryAllByText": [Function],
  "queryAllByTitle": [Function],
  "queryByAltText": [Function],
  "queryByDisplayValue": [Function],
  "queryByLabelText": [Function],
  "queryByPlaceholderText": [Function],
  "queryByRole": [Function],
  "queryByTestId": [Function],
  "queryByText": [Function],
  "queryByTitle": [Function],
  "rerender": [Function],
  "unmount": [Function],
}
`;
